******************************************************************************
                  TI ARM Linker PC v5.2.2                      
******************************************************************************
>> Linked Tue Sep 27 20:31:37 2016

OUTPUT FILE NAME:   <drone_rebuilt.out>
ENTRY POINT SYMBOL: "_c_int00"  address: 00001f35


MEMORY CONFIGURATION

         name            origin    length      used     unused   attr    fill
----------------------  --------  ---------  --------  --------  ----  --------
  FLASH                 00000000   00040000  00002776  0003d88a  R  X
  SRAM                  20000000   00008000  000003bc  00007c44  RW X


SEGMENT ALLOCATION MAP

run origin  load origin   length   init length attrs members
----------  ----------- ---------- ----------- ----- -------
00000000    00000000    00002780   00002780    r-x
  00000000    00000000    0000026c   0000026c    r-- .intvecs
  0000026c    0000026c    00002126   00002126    r-x .text
  00002398    00002398    000003a4   000003a4    r-- .const
  00002740    00002740    00000040   00000040    r-- .cinit
20000000    20000000    000003bc   00000000    rw-
  20000000    20000000    00000200   00000000    rw- .stack
  20000200    20000200    00000180   00000000    rw- .bss
  20000380    20000380    0000003c   00000000    rw- .data


SECTION ALLOCATION MAP

 output                                  attributes/
section   page    origin      length       input sections
--------  ----  ----------  ----------   ----------------
.intvecs   0    00000000    0000026c     
                  00000000    0000026c     tm4c123gh6pm_startup_ccs.obj (.intvecs)

.text      0    0000026c    00002126     
                  0000026c    0000038e     numManipulate.obj (.text)
                  000005fa    00000002     --HOLE-- [fill = 0]
                  000005fc    00000348     main_Quadrotor_V2_0.obj (.text)
                  00000944    0000030c     ringbuf.obj (.text)
                  00000c50    00000304     serial.obj (.text)
                  00000f54    0000023c     rtsv7M4_T_le_v4SPD16_eabi.lib : strtod.obj (.text)
                  00001190    000001b6                                   : fd_add_t2.obj (.text)
                  00001346    00000002     --HOLE-- [fill = 0]
                  00001348    00000174     myTimer.obj (.text)
                  000014bc    00000140     myFIFO.obj (.text)
                  000015fc    00000136     rtsv7M4_T_le_v4SPD16_eabi.lib : fd_div_t2.obj (.text)
                  00001732    00000130     driverlib.lib : gpio.obj (.text:GPIOPadConfigSet)
                  00001862    00000002     --HOLE-- [fill = 0]
                  00001864    00000118                   : sysctl.obj (.text:SysCtlClockGet)
                  0000197c    000000fc     rtsv7M4_T_le_v4SPD16_eabi.lib : fd_mul_t2.obj (.text)
                  00001a78    000000f0     driverlib.lib : sysctl.obj (.text:SysCtlClockSet)
                  00001b68    0000009c     myIO.obj (.text)
                  00001c04    0000009c     rtsv7M4_T_le_v4SPD16_eabi.lib : memcpy_t2.obj (.text)
                  00001ca0    00000086                                   : fd_cmp_t2.obj (.text:__aeabi_cdcmple)
                  00001d26    0000007a                                   : memset_t2.obj (.text)
                  00001da0    0000006c                                   : autoinit.obj (.text)
                  00001e0c    0000006a                                   : copy_decompress_rle.obj (.text)
                  00001e76    00000002     --HOLE-- [fill = 0]
                  00001e78    00000060     driverlib.lib : interrupt.obj (.text:IntEnable)
                  00001ed8    0000005c                   : timer.obj (.text:TimerConfigure)
                  00001f34    00000050     rtsv7M4_T_le_v4SPD16_eabi.lib : boot.obj (.text)
                  00001f84    0000004c                                   : atoi.obj (.text)
                  00001fd0    0000004c                                   : cpy_tbl.obj (.text)
                  0000201c    0000004a                                   : fd_tos_t2.obj (.text)
                  00002066    00000002     --HOLE-- [fill = 0]
                  00002068    00000048     driverlib.lib : gpio.obj (.text:GPIOPinConfigure)
                  000020b0    00000044     rtsv7M4_T_le_v4SPD16_eabi.lib : exit.obj (.text)
                  000020f4    00000040     driverlib.lib : uart.obj (.text:UARTConfigSetExpClk)
                  00002134    00000034                   : sysctl.obj (.text:SysCtlPeripheralEnable)
                  00002168    0000002a                   : gpio.obj (.text:GPIODirModeSet)
                  00002192    00000002     --HOLE-- [fill = 0]
                  00002194    00000024                   : interrupt.obj (.text:IntPrioritySet)
                  000021b8    0000001c                   : uart.obj (.text:UARTDisable)
                  000021d4    00000018                   : gpio.obj (.text:GPIOPinTypeGPIOOutput)
                  000021ec    00000018     rtsv7M4_T_le_v4SPD16_eabi.lib : args_main.obj (.text)
                  00002204    00000014     driverlib.lib : systick.obj (.text:SysTickEnable)
                  00002218    00000014                   : systick.obj (.text:SysTickIntEnable)
                  0000222c    00000014                   : uart.obj (.text:UARTEnable)
                  00002240    00000014     rtsv7M4_T_le_v4SPD16_eabi.lib : _lock.obj (.text)
                  00002254    00000012     driverlib.lib : gpio.obj (.text:GPIOPinTypeGPIOInput)
                  00002266    00000012                   : gpio.obj (.text:GPIOPinTypeUART)
                  00002278    00000012                   : timer.obj (.text:TimerLoadSet)
                  0000228a    00000012     rtsv7M4_T_le_v4SPD16_eabi.lib : atof.obj (.text)
                  0000229c    00000010     driverlib.lib : systick.obj (.text:SysTickPeriodSet)
                  000022ac    00000010     rtsv7M4_T_le_v4SPD16_eabi.lib : isdigit.obj (.text)
                  000022bc    0000000e     driverlib.lib : timer.obj (.text:TimerEnable)
                  000022ca    0000000e     rtsv7M4_T_le_v4SPD16_eabi.lib : copy_decompress_none.obj (.text:decompress:none)
                  000022d8    0000000c     driverlib.lib : cpu.obj (.text:CPUcpsid)
                  000022e4    0000000c                   : cpu.obj (.text:CPUcpsie)
                  000022f0    0000000c                   : uart.obj (.text:UARTCharsAvail)
                  000022fc    0000000c     rtsv7M4_T_le_v4SPD16_eabi.lib : copy_zero_init.obj (.text:decompress:ZI)
                  00002308    0000000c     tm4c123gh6pm_startup_ccs.obj (.text)
                  00002314    0000000a     driverlib.lib : interrupt.obj (.text:IntMasterDisable)
                  0000231e    0000000a                   : interrupt.obj (.text:IntMasterEnable)
                  00002328    0000000a                   : timer.obj (.text:TimerValueGet)
                  00002332    0000000a                   : uart.obj (.text:UARTCharGet)
                  0000233c    0000000a                   : uart.obj (.text:UARTCharPut)
                  00002346    0000000a                   : uart.obj (.text:UARTIntStatus)
                  00002350    00000008                   : timer.obj (.text:TimerIntEnable)
                  00002358    00000008                   : uart.obj (.text:UARTBusy)
                  00002360    00000008                   : uart.obj (.text:UARTIntEnable)
                  00002368    00000006                   : gpio.obj (.text:GPIOPinRead)
                  0000236e    00000006                   : gpio.obj (.text:GPIOPinWrite)
                  00002374    00000006                   : sysctl.obj (.text:SysCtlDelay)
                  0000237a    00000006                   : uart.obj (.text:UARTClockSourceSet)
                  00002380    00000006     rtsv7M4_T_le_v4SPD16_eabi.lib : copy_decompress_rle.obj (.text:decompress:rle24)
                  00002386    00000004     driverlib.lib : timer.obj (.text:TimerIntClear)
                  0000238a    00000004                   : uart.obj (.text:UARTIntClear)
                  0000238e    00000004     rtsv7M4_T_le_v4SPD16_eabi.lib : pre_init.obj (.text)

.const     0    00002398    000003a4     
                  00002398    00000101     rtsv7M4_T_le_v4SPD16_eabi.lib : ctype.obj (.const:.string:_ctypes_)
                  00002499    00000003     --HOLE-- [fill = 0]
                  0000249c    0000009c     driverlib.lib : interrupt.obj (.const:g_pui32Regs)
                  00002538    00000098     rtsv7M4_T_le_v4SPD16_eabi.lib : strtod.obj (.const)
                  000025d0    00000090     driverlib.lib : gpio.obj (.const:g_pui32GPIOBaseAddrs)
                  00002660    00000070                   : interrupt.obj (.const)
                  000026d0    0000006c                   : sysctl.obj (.const:g_pui32Xtals)

.cinit     0    00002740    00000040     
                  00002740    0000001a     (.cinit..data.load) [load image, compression = rle]
                  0000275a    00000002     --HOLE-- [fill = 0]
                  0000275c    0000000c     (__TI_handler_table)
                  00002768    00000008     (.cinit..bss.load) [load image, compression = zero_init]
                  00002770    00000010     (__TI_cinit_table)

.init_array 
*          0    00000000    00000000     UNINITIALIZED

.stack     0    20000000    00000200     UNINITIALIZED
                  20000000    00000200     --HOLE--

.bss       0    20000200    00000180     UNINITIALIZED
                  20000200    00000120     serial.obj (.bss:communicationFIFO)
                  20000320    00000029     serial.obj (.bss:Uart)
                  20000349    00000029     serial.obj (.bss:UartKinect)
                  20000372    00000006     (.common:SysTick_Int_Count)
                  20000378    00000004     (.common:toggle_led)
                  2000037c    00000002     (.common:Flag)
                  2000037e    00000001     (.common:FlagTimer)
                  2000037f    00000001     (.common:Flag_Safe)

.TI.noinit 
*          0    20000200    00000000     UNINITIALIZED

.data      0    20000380    0000003c     UNINITIALIZED
                  20000380    0000001c     main_Quadrotor_V2_0.obj (.data)
                  2000039c    00000008     rtsv7M4_T_le_v4SPD16_eabi.lib : _lock.obj (.data)
                  200003a4    00000008                                   : exit.obj (.data)
                  200003ac    00000006     myTimer.obj (.data)
                  200003b2    00000002     --HOLE--
                  200003b4    00000004     rtsv7M4_T_le_v4SPD16_eabi.lib : errno.obj (.data)
                  200003b8    00000004                                   : stkdepth_vars.obj (.data)

.TI.persistent 
*          0    20000380    00000000     UNINITIALIZED


LINKER GENERATED COPY TABLES

__TI_cinit_table @ 00002770 records: 2, size/record: 8, table size: 16
	.data: load addr=00002740, load size=0000001a bytes, run addr=20000380, run size=0000003c bytes, compression=rle
	.bss: load addr=00002768, load size=00000008 bytes, run addr=20000200, run size=00000180 bytes, compression=zero_init


LINKER GENERATED HANDLER TABLE

__TI_handler_table @ 0000275c records: 3, size/record: 4, table size: 12
	index: 0, handler: __TI_decompress_rle24
	index: 1, handler: __TI_decompress_none
	index: 2, handler: __TI_zero_init


GLOBAL SYMBOLS: SORTED ALPHABETICALLY BY Name 

address   name                     
-------   ----                     
000020b1  C$$EXIT                  
000022d9  CPUcpsid                 
000022e5  CPUcpsie                 
00001591  FIFOCharPut              
000015b9  FIFO_PutStr              
000014dd  FIFO_Rx_CharPut          
000014f3  FIFO_Rx_StrGet           
2000037c  Flag                     
2000037e  FlagTimer                
2000037f  Flag_Safe                
00002169  GPIODirModeSet           
00001733  GPIOPadConfigSet         
00002069  GPIOPinConfigure         
00002369  GPIOPinRead              
00002255  GPIOPinTypeGPIOInput     
000021d5  GPIOPinTypeGPIOOutput    
00002267  GPIOPinTypeUART          
0000236f  GPIOPinWrite             
000005fd  GUI_init                 
00001e79  IntEnable                
00002315  IntMasterDisable         
0000231f  IntMasterEnable          
00002195  IntPrioritySet           
00000647  PID_reset                
00000645  Position_init            
00002309  ResetISR                 
00000b2f  RingBufAdvanceRead       
00000b5d  RingBufAdvanceWrite      
00000a89  RingBufContigFree        
00000a5b  RingBufContigUsed        
000009c9  RingBufEmpty             
000009f3  RingBufFlush             
00000a45  RingBufFree              
0000098f  RingBufFull              
00000c2d  RingBufInit              
00000af9  RingBufRead              
00000ad3  RingBufReadOne           
00000ac5  RingBufSize              
00000a13  RingBufUsed              
00000bf7  RingBufWrite             
00000bd1  RingBufWriteOne          
UNDEFED   SHT$$INIT_ARRAY$$Base    
UNDEFED   SHT$$INIT_ARRAY$$Limit   
00000ec5  SerialGetStr             
00000e39  SerialPutChar            
00000e4d  SerialPutStr             
00000e75  SerialPutStrLn           
00000ea5  SerialPutStr_NonTer      
200003b1  SycTick_Int_Count        
0000135b  SycTick_Interrupt_Handler
00001865  SysCtlClockGet           
00001a79  SysCtlClockSet           
00002375  SysCtlDelay              
00002135  SysCtlPeripheralEnable   
00002205  SysTickEnable            
00002219  SysTickIntEnable         
0000229d  SysTickPeriodSet         
00001349  SysTick_Init             
20000372  SysTick_Int_Count        
0000144d  Timer0_Interrupt_Handler 
0000140b  Timer0_init              
00001ed9  TimerConfigure           
000022bd  TimerEnable              
00002387  TimerIntClear            
00002351  TimerIntEnable           
00002279  TimerLoadSet             
00002329  TimerValueGet            
00000d3f  UART0_Init               
00000c51  UART0_Interrupt_Handler  
00000dd1  UART1_Init               
00000d93  UART5_Init               
00000ce7  UART6_Init               
00002359  UARTBusy                 
00002333  UARTCharGet              
0000233d  UARTCharPut              
000022f1  UARTCharsAvail           
0000237b  UARTClockSourceSet       
000020f5  UARTConfigSetExpClk      
000021b9  UARTDisable              
0000222d  UARTEnable               
0000238b  UARTIntClear             
00002361  UARTIntEnable            
00002347  UARTIntStatus            
20000320  Uart                     
20000349  UartKinect               
200003b4  _Errno                   
20000200  __STACK_END              
00000200  __STACK_SIZE             
20000200  __STACK_TOP              
00002770  __TI_CINIT_Base          
00002780  __TI_CINIT_Limit         
0000275c  __TI_Handler_Table_Base  
00002768  __TI_Handler_Table_Limit 
00001da1  __TI_auto_init           
200003a4  __TI_cleanup_ptr         
000022cb  __TI_decompress_none     
00002381  __TI_decompress_rle24    
200003a8  __TI_dtors_ptr           
00000000  __TI_static_base__       
000022fd  __TI_zero_init           
00001ca1  __aeabi_cdcmpeq          
00001ca1  __aeabi_cdcmple          
0000201d  __aeabi_d2f              
0000119b  __aeabi_dadd             
000015fd  __aeabi_ddiv             
0000197d  __aeabi_dmul             
00001191  __aeabi_dsub             
00001d27  __aeabi_memclr           
00001d27  __aeabi_memclr4          
00001d27  __aeabi_memclr8          
00001c05  __aeabi_memcpy           
00001c05  __aeabi_memcpy4          
00001c05  __aeabi_memcpy8          
00001d29  __aeabi_memset           
00001d29  __aeabi_memset4          
00001d29  __aeabi_memset8          
ffffffff  __binit__                
ffffffff  __c_args__               
20000000  __stack                  
000021ed  _args_main               
00001f35  _c_int00                 
00002398  _ctypes_                 
2000039c  _lock                    
0000224f  _nop                     
00002247  _register_lock           
00002241  _register_unlock         
0000238f  _system_pre_init         
200003a0  _unlock                  
000020b5  abort                    
0000228b  atof                     
00001f85  atoi                     
ffffffff  binit                    
00001be7  button                   
00000825  communication            
20000200  communicationFIFO        
00001fd1  copy_in                  
20000384  cos_pitch                
20000380  cos_roll                 
000006eb  display_com              
000020bd  exit                     
0000026d  float2num                
00000000  g_pfnVectors             
0000146b  getMicroSecond           
0000043f  int2num                  
000022ad  isdigit                  
00001b8f  led                      
00000649  main                     
200003b8  main_func_sp             
00001c05  memcpy                   
00001d2f  memset                   
000014bd  myFIFO_init              
00001b69  myIO_init                
20000388  preMicroSecond_angle     
20000394  preMicroSecond_kinect    
2000038c  preMicroSecond_position  
20000390  preMicroSecond_sonar     
200003b0  safe_flag                
20000398  sampling_time_second     
200003ac  seconds                  
0000053d  set_float_value          
00000577  set_int_value            
000005a9  set_position             
00000f55  strtod                   
000006b1  task_100Hz               
00000677  task_20Hz                
20000378  toggle_led               
00001529  update_hardwareFIFO      


GLOBAL SYMBOLS: SORTED BY Symbol Address 

address   name                     
-------   ----                     
00000000  __TI_static_base__       
00000000  g_pfnVectors             
00000200  __STACK_SIZE             
0000026d  float2num                
0000043f  int2num                  
0000053d  set_float_value          
00000577  set_int_value            
000005a9  set_position             
000005fd  GUI_init                 
00000645  Position_init            
00000647  PID_reset                
00000649  main                     
00000677  task_20Hz                
000006b1  task_100Hz               
000006eb  display_com              
00000825  communication            
0000098f  RingBufFull              
000009c9  RingBufEmpty             
000009f3  RingBufFlush             
00000a13  RingBufUsed              
00000a45  RingBufFree              
00000a5b  RingBufContigUsed        
00000a89  RingBufContigFree        
00000ac5  RingBufSize              
00000ad3  RingBufReadOne           
00000af9  RingBufRead              
00000b2f  RingBufAdvanceRead       
00000b5d  RingBufAdvanceWrite      
00000bd1  RingBufWriteOne          
00000bf7  RingBufWrite             
00000c2d  RingBufInit              
00000c51  UART0_Interrupt_Handler  
00000ce7  UART6_Init               
00000d3f  UART0_Init               
00000d93  UART5_Init               
00000dd1  UART1_Init               
00000e39  SerialPutChar            
00000e4d  SerialPutStr             
00000e75  SerialPutStrLn           
00000ea5  SerialPutStr_NonTer      
00000ec5  SerialGetStr             
00000f55  strtod                   
00001191  __aeabi_dsub             
0000119b  __aeabi_dadd             
00001349  SysTick_Init             
0000135b  SycTick_Interrupt_Handler
0000140b  Timer0_init              
0000144d  Timer0_Interrupt_Handler 
0000146b  getMicroSecond           
000014bd  myFIFO_init              
000014dd  FIFO_Rx_CharPut          
000014f3  FIFO_Rx_StrGet           
00001529  update_hardwareFIFO      
00001591  FIFOCharPut              
000015b9  FIFO_PutStr              
000015fd  __aeabi_ddiv             
00001733  GPIOPadConfigSet         
00001865  SysCtlClockGet           
0000197d  __aeabi_dmul             
00001a79  SysCtlClockSet           
00001b69  myIO_init                
00001b8f  led                      
00001be7  button                   
00001c05  __aeabi_memcpy           
00001c05  __aeabi_memcpy4          
00001c05  __aeabi_memcpy8          
00001c05  memcpy                   
00001ca1  __aeabi_cdcmpeq          
00001ca1  __aeabi_cdcmple          
00001d27  __aeabi_memclr           
00001d27  __aeabi_memclr4          
00001d27  __aeabi_memclr8          
00001d29  __aeabi_memset           
00001d29  __aeabi_memset4          
00001d29  __aeabi_memset8          
00001d2f  memset                   
00001da1  __TI_auto_init           
00001e79  IntEnable                
00001ed9  TimerConfigure           
00001f35  _c_int00                 
00001f85  atoi                     
00001fd1  copy_in                  
0000201d  __aeabi_d2f              
00002069  GPIOPinConfigure         
000020b1  C$$EXIT                  
000020b5  abort                    
000020bd  exit                     
000020f5  UARTConfigSetExpClk      
00002135  SysCtlPeripheralEnable   
00002169  GPIODirModeSet           
00002195  IntPrioritySet           
000021b9  UARTDisable              
000021d5  GPIOPinTypeGPIOOutput    
000021ed  _args_main               
00002205  SysTickEnable            
00002219  SysTickIntEnable         
0000222d  UARTEnable               
00002241  _register_unlock         
00002247  _register_lock           
0000224f  _nop                     
00002255  GPIOPinTypeGPIOInput     
00002267  GPIOPinTypeUART          
00002279  TimerLoadSet             
0000228b  atof                     
0000229d  SysTickPeriodSet         
000022ad  isdigit                  
000022bd  TimerEnable              
000022cb  __TI_decompress_none     
000022d9  CPUcpsid                 
000022e5  CPUcpsie                 
000022f1  UARTCharsAvail           
000022fd  __TI_zero_init           
00002309  ResetISR                 
00002315  IntMasterDisable         
0000231f  IntMasterEnable          
00002329  TimerValueGet            
00002333  UARTCharGet              
0000233d  UARTCharPut              
00002347  UARTIntStatus            
00002351  TimerIntEnable           
00002359  UARTBusy                 
00002361  UARTIntEnable            
00002369  GPIOPinRead              
0000236f  GPIOPinWrite             
00002375  SysCtlDelay              
0000237b  UARTClockSourceSet       
00002381  __TI_decompress_rle24    
00002387  TimerIntClear            
0000238b  UARTIntClear             
0000238f  _system_pre_init         
00002398  _ctypes_                 
0000275c  __TI_Handler_Table_Base  
00002768  __TI_Handler_Table_Limit 
00002770  __TI_CINIT_Base          
00002780  __TI_CINIT_Limit         
20000000  __stack                  
20000200  __STACK_END              
20000200  __STACK_TOP              
20000200  communicationFIFO        
20000320  Uart                     
20000349  UartKinect               
20000372  SysTick_Int_Count        
20000378  toggle_led               
2000037c  Flag                     
2000037e  FlagTimer                
2000037f  Flag_Safe                
20000380  cos_roll                 
20000384  cos_pitch                
20000388  preMicroSecond_angle     
2000038c  preMicroSecond_position  
20000390  preMicroSecond_sonar     
20000394  preMicroSecond_kinect    
20000398  sampling_time_second     
2000039c  _lock                    
200003a0  _unlock                  
200003a4  __TI_cleanup_ptr         
200003a8  __TI_dtors_ptr           
200003ac  seconds                  
200003b0  safe_flag                
200003b1  SycTick_Int_Count        
200003b4  _Errno                   
200003b8  main_func_sp             
ffffffff  __binit__                
ffffffff  __c_args__               
ffffffff  binit                    
UNDEFED   SHT$$INIT_ARRAY$$Base    
UNDEFED   SHT$$INIT_ARRAY$$Limit   

[167 symbols]
