******************************************************************************
                  TI ARM Linker PC v5.2.2                      
******************************************************************************
>> Linked Tue Sep 27 11:06:20 2016

OUTPUT FILE NAME:   <drone_rebuilt.out>
ENTRY POINT SYMBOL: "_c_int00"  address: 00002109


MEMORY CONFIGURATION

         name            origin    length      used     unused   attr    fill
----------------------  --------  ---------  --------  --------  ----  --------
  FLASH                 00000000   00040000  0000291e  0003d6e2  R  X
  SRAM                  20000000   00008000  0000029c  00007d64  RW X


SEGMENT ALLOCATION MAP

run origin  load origin   length   init length attrs members
----------  ----------- ---------- ----------- ----- -------
00000000    00000000    00002928   00002928    r-x
  00000000    00000000    0000026c   0000026c    r-- .intvecs
  0000026c    0000026c    000022ce   000022ce    r-x .text
  00002540    00002540    000003a4   000003a4    r-- .const
  000028e8    000028e8    00000040   00000040    r-- .cinit
20000000    20000000    0000029c   00000000    rw-
  20000000    20000000    00000200   00000000    rw- .stack
  20000200    20000200    00000060   00000000    rw- .bss
  20000260    20000260    0000003c   00000000    rw- .data


SECTION ALLOCATION MAP

 output                                  attributes/
section   page    origin      length       input sections
--------  ----  ----------  ----------   ----------------
.intvecs   0    00000000    0000026c     
                  00000000    0000026c     tm4c123gh6pm_startup_ccs.obj (.intvecs)

.text      0    0000026c    000022ce     
                  0000026c    00000cb4     serial.obj (.text)
                  00000f20    00000348     main_Quadrotor_V2_0.obj (.text)
                  00001268    0000023c     rtsv7M4_T_le_v4SPD16_eabi.lib : strtod.obj (.text)
                  000014a4    000001b6                                   : fd_add_t2.obj (.text)
                  0000165a    00000002     --HOLE-- [fill = 0]
                  0000165c    00000174     myTimer.obj (.text)
                  000017d0    00000136     rtsv7M4_T_le_v4SPD16_eabi.lib : fd_div_t2.obj (.text)
                  00001906    00000130     driverlib.lib : gpio.obj (.text:GPIOPadConfigSet)
                  00001a36    00000002     --HOLE-- [fill = 0]
                  00001a38    00000118                   : sysctl.obj (.text:SysCtlClockGet)
                  00001b50    000000fc     rtsv7M4_T_le_v4SPD16_eabi.lib : fd_mul_t2.obj (.text)
                  00001c4c    000000f0     driverlib.lib : sysctl.obj (.text:SysCtlClockSet)
                  00001d3c    0000009c     myIO.obj (.text)
                  00001dd8    0000009c     rtsv7M4_T_le_v4SPD16_eabi.lib : memcpy_t2.obj (.text)
                  00001e74    00000086                                   : fd_cmp_t2.obj (.text:__aeabi_cdcmple)
                  00001efa    0000007a                                   : memset_t2.obj (.text)
                  00001f74    0000006c                                   : autoinit.obj (.text)
                  00001fe0    0000006a                                   : copy_decompress_rle.obj (.text)
                  0000204a    00000002     --HOLE-- [fill = 0]
                  0000204c    00000060     driverlib.lib : interrupt.obj (.text:IntEnable)
                  000020ac    0000005c                   : timer.obj (.text:TimerConfigure)
                  00002108    00000050     rtsv7M4_T_le_v4SPD16_eabi.lib : boot.obj (.text)
                  00002158    0000004c                                   : atoi.obj (.text)
                  000021a4    0000004c                                   : cpy_tbl.obj (.text)
                  000021f0    0000004a                                   : fd_tos_t2.obj (.text)
                  0000223a    00000002     --HOLE-- [fill = 0]
                  0000223c    00000048     driverlib.lib : gpio.obj (.text:GPIOPinConfigure)
                  00002284    00000044     rtsv7M4_T_le_v4SPD16_eabi.lib : exit.obj (.text)
                  000022c8    00000040     driverlib.lib : uart.obj (.text:UARTConfigSetExpClk)
                  00002308    00000034                   : sysctl.obj (.text:SysCtlPeripheralEnable)
                  0000233c    0000002a                   : gpio.obj (.text:GPIODirModeSet)
                  00002366    00000002     --HOLE-- [fill = 0]
                  00002368    00000024                   : interrupt.obj (.text:IntPrioritySet)
                  0000238c    0000001c                   : uart.obj (.text:UARTDisable)
                  000023a8    00000018                   : gpio.obj (.text:GPIOPinTypeGPIOOutput)
                  000023c0    00000018     rtsv7M4_T_le_v4SPD16_eabi.lib : args_main.obj (.text)
                  000023d8    00000014     driverlib.lib : systick.obj (.text:SysTickEnable)
                  000023ec    00000014                   : systick.obj (.text:SysTickIntEnable)
                  00002400    00000014                   : uart.obj (.text:UARTEnable)
                  00002414    00000014     rtsv7M4_T_le_v4SPD16_eabi.lib : _lock.obj (.text)
                  00002428    00000012     driverlib.lib : gpio.obj (.text:GPIOPinTypeGPIOInput)
                  0000243a    00000012                   : gpio.obj (.text:GPIOPinTypeUART)
                  0000244c    00000012                   : timer.obj (.text:TimerLoadSet)
                  0000245e    00000012     rtsv7M4_T_le_v4SPD16_eabi.lib : atof.obj (.text)
                  00002470    00000010     driverlib.lib : systick.obj (.text:SysTickPeriodSet)
                  00002480    00000010     rtsv7M4_T_le_v4SPD16_eabi.lib : isdigit.obj (.text)
                  00002490    0000000e     driverlib.lib : timer.obj (.text:TimerEnable)
                  0000249e    0000000e     rtsv7M4_T_le_v4SPD16_eabi.lib : copy_decompress_none.obj (.text:decompress:none)
                  000024ac    0000000c     driverlib.lib : cpu.obj (.text:CPUcpsie)
                  000024b8    0000000c     rtsv7M4_T_le_v4SPD16_eabi.lib : copy_zero_init.obj (.text:decompress:ZI)
                  000024c4    0000000c     tm4c123gh6pm_startup_ccs.obj (.text)
                  000024d0    0000000a     driverlib.lib : interrupt.obj (.text:IntMasterEnable)
                  000024da    0000000a                   : timer.obj (.text:TimerValueGet)
                  000024e4    0000000a                   : uart.obj (.text:UARTCharGet)
                  000024ee    0000000a                   : uart.obj (.text:UARTCharPut)
                  000024f8    00000008                   : timer.obj (.text:TimerIntEnable)
                  00002500    00000008                   : uart.obj (.text:UARTBusy)
                  00002508    00000008                   : uart.obj (.text:UARTIntEnable)
                  00002510    00000006                   : gpio.obj (.text:GPIOPinRead)
                  00002516    00000006                   : gpio.obj (.text:GPIOPinWrite)
                  0000251c    00000006                   : sysctl.obj (.text:SysCtlDelay)
                  00002522    00000006                   : uart.obj (.text:UARTClockSourceSet)
                  00002528    00000006     rtsv7M4_T_le_v4SPD16_eabi.lib : copy_decompress_rle.obj (.text:decompress:rle24)
                  0000252e    00000004     driverlib.lib : timer.obj (.text:TimerIntClear)
                  00002532    00000004                   : uart.obj (.text:UARTIntClear)
                  00002536    00000004     rtsv7M4_T_le_v4SPD16_eabi.lib : pre_init.obj (.text)

.const     0    00002540    000003a4     
                  00002540    00000101     rtsv7M4_T_le_v4SPD16_eabi.lib : ctype.obj (.const:.string:_ctypes_)
                  00002641    00000003     --HOLE-- [fill = 0]
                  00002644    0000009c     driverlib.lib : interrupt.obj (.const:g_pui32Regs)
                  000026e0    00000098     rtsv7M4_T_le_v4SPD16_eabi.lib : strtod.obj (.const)
                  00002778    00000090     driverlib.lib : gpio.obj (.const:g_pui32GPIOBaseAddrs)
                  00002808    00000070                   : interrupt.obj (.const)
                  00002878    0000006c                   : sysctl.obj (.const:g_pui32Xtals)

.cinit     0    000028e8    00000040     
                  000028e8    0000001a     (.cinit..data.load) [load image, compression = rle]
                  00002902    00000002     --HOLE-- [fill = 0]
                  00002904    0000000c     (__TI_handler_table)
                  00002910    00000008     (.cinit..bss.load) [load image, compression = zero_init]
                  00002918    00000010     (__TI_cinit_table)

.init_array 
*          0    00000000    00000000     UNINITIALIZED

.stack     0    20000000    00000200     UNINITIALIZED
                  20000000    00000200     --HOLE--

.bss       0    20000200    00000060     UNINITIALIZED
                  20000200    00000029     serial.obj (.bss:Uart)
                  20000229    00000029     serial.obj (.bss:UartKinect)
                  20000252    00000006     (.common:SysTick_Int_Count)
                  20000258    00000004     (.common:toggle_led)
                  2000025c    00000002     (.common:Flag)
                  2000025e    00000001     (.common:FlagTimer)
                  2000025f    00000001     (.common:Flag_Safe)

.TI.noinit 
*          0    20000200    00000000     UNINITIALIZED

.data      0    20000260    0000003c     UNINITIALIZED
                  20000260    0000001c     main_Quadrotor_V2_0.obj (.data)
                  2000027c    00000008     rtsv7M4_T_le_v4SPD16_eabi.lib : _lock.obj (.data)
                  20000284    00000008                                   : exit.obj (.data)
                  2000028c    00000006     myTimer.obj (.data)
                  20000292    00000002     --HOLE--
                  20000294    00000004     rtsv7M4_T_le_v4SPD16_eabi.lib : errno.obj (.data)
                  20000298    00000004                                   : stkdepth_vars.obj (.data)

.TI.persistent 
*          0    20000260    00000000     UNINITIALIZED


LINKER GENERATED COPY TABLES

__TI_cinit_table @ 00002918 records: 2, size/record: 8, table size: 16
	.data: load addr=000028e8, load size=0000001a bytes, run addr=20000260, run size=0000003c bytes, compression=rle
	.bss: load addr=00002910, load size=00000008 bytes, run addr=20000200, run size=00000060 bytes, compression=zero_init


LINKER GENERATED HANDLER TABLE

__TI_handler_table @ 00002904 records: 3, size/record: 4, table size: 12
	index: 0, handler: __TI_decompress_rle24
	index: 1, handler: __TI_decompress_none
	index: 2, handler: __TI_zero_init


GLOBAL SYMBOLS: SORTED ALPHABETICALLY BY Name 

address   name                     
-------   ----                     
00002285  C$$EXIT                  
000024ad  CPUcpsie                 
2000025c  Flag                     
2000025e  FlagTimer                
2000025f  Flag_Safe                
0000233d  GPIODirModeSet           
00001907  GPIOPadConfigSet         
0000223d  GPIOPinConfigure         
00002511  GPIOPinRead              
00002429  GPIOPinTypeGPIOInput     
000023a9  GPIOPinTypeGPIOOutput    
0000243b  GPIOPinTypeUART          
00002517  GPIOPinWrite             
00000f21  GUI_init                 
0000204d  IntEnable                
000024d1  IntMasterEnable          
00002369  IntPrioritySet           
00000f6b  PID_reset                
00000f69  Position_init            
000024c5  ResetISR                 
UNDEFED   SHT$$INIT_ARRAY$$Base    
UNDEFED   SHT$$INIT_ARRAY$$Limit   
20000291  SycTick_Int_Count        
0000166f  SycTick_Interrupt_Handler
00001a39  SysCtlClockGet           
00001c4d  SysCtlClockSet           
0000251d  SysCtlDelay              
00002309  SysCtlPeripheralEnable   
000023d9  SysTickEnable            
000023ed  SysTickIntEnable         
00002471  SysTickPeriodSet         
0000165d  SysTick_Init             
20000252  SysTick_Int_Count        
00001761  Timer0_Interrupt_Handler 
0000171f  Timer0_init              
000020ad  TimerConfigure           
00002491  TimerEnable              
0000252f  TimerIntClear            
000024f9  TimerIntEnable           
0000244d  TimerLoadSet             
000024db  TimerValueGet            
000002f7  UART0_Init               
0000026d  UART0_Interrupt_Handler  
00000389  UART1_Init               
0000034b  UART5_Init               
0000029f  UART6_Init               
00002501  UARTBusy                 
000024e5  UARTCharGet              
000024ef  UARTCharPut              
00002523  UARTClockSourceSet       
000022c9  UARTConfigSetExpClk      
0000238d  UARTDisable              
00002401  UARTEnable               
00002533  UARTIntClear             
00002509  UARTIntEnable            
00000aa7  UART_3_float_display     
00000afb  UART_3_int_display       
00000b49  UART_3_uint32_display    
000007c7  UART_float_display       
000008f1  UART_int_display         
00000bf3  UART_n_float_display     
00000b91  UART_n_int_display       
000009df  UART_uint32_display      
20000200  Uart                     
00000469  UartGetStr               
20000229  UartKinect               
000003f1  UartPutStr               
00000419  UartPutStrLn             
00000449  UartPutStr_NonTer        
20000294  _Errno                   
20000200  __STACK_END              
00000200  __STACK_SIZE             
20000200  __STACK_TOP              
00002918  __TI_CINIT_Base          
00002928  __TI_CINIT_Limit         
00002904  __TI_Handler_Table_Base  
00002910  __TI_Handler_Table_Limit 
00001f75  __TI_auto_init           
20000284  __TI_cleanup_ptr         
0000249f  __TI_decompress_none     
00002529  __TI_decompress_rle24    
20000288  __TI_dtors_ptr           
00000000  __TI_static_base__       
000024b9  __TI_zero_init           
00001e75  __aeabi_cdcmpeq          
00001e75  __aeabi_cdcmple          
000021f1  __aeabi_d2f              
000014af  __aeabi_dadd             
000017d1  __aeabi_ddiv             
00001b51  __aeabi_dmul             
000014a5  __aeabi_dsub             
00001efb  __aeabi_memclr           
00001efb  __aeabi_memclr4          
00001efb  __aeabi_memclr8          
00001dd9  __aeabi_memcpy           
00001dd9  __aeabi_memcpy4          
00001dd9  __aeabi_memcpy8          
00001efd  __aeabi_memset           
00001efd  __aeabi_memset4          
00001efd  __aeabi_memset8          
ffffffff  __binit__                
ffffffff  __c_args__               
20000000  __stack                  
000023c1  _args_main               
00002109  _c_int00                 
00002540  _ctypes_                 
2000027c  _lock                    
00002423  _nop                     
0000241b  _register_lock           
00002415  _register_unlock         
00002537  _system_pre_init         
20000280  _unlock                  
00002289  abort                    
0000245f  atof                     
00002159  atoi                     
ffffffff  binit                    
00001dbb  button                   
00001149  communication            
000021a5  copy_in                  
20000264  cos_pitch                
20000260  cos_roll                 
0000100f  display_com              
00002291  exit                     
000004cd  float2num                
00000d0f  float2str                
00000000  g_pfnVectors             
0000177f  getMicroSecond           
000006c9  int2num                  
00000e33  int2str                  
00002481  isdigit                  
00001d63  led                      
00000f6d  main                     
20000298  main_func_sp             
00001dd9  memcpy                   
00001f03  memset                   
00001d3d  myIO_init                
20000268  preMicroSecond_angle     
20000274  preMicroSecond_kinect    
2000026c  preMicroSecond_position  
20000270  preMicroSecond_sonar     
20000290  safe_flag                
20000278  sampling_time_second     
2000028c  seconds                  
00000c57  set_float_value          
00000c91  set_int_value            
00000cbd  set_position             
00001269  strtod                   
00000fd5  task_100Hz               
00000f9b  task_20Hz                
20000258  toggle_led               


GLOBAL SYMBOLS: SORTED BY Symbol Address 

address   name                     
-------   ----                     
00000000  __TI_static_base__       
00000000  g_pfnVectors             
00000200  __STACK_SIZE             
0000026d  UART0_Interrupt_Handler  
0000029f  UART6_Init               
000002f7  UART0_Init               
0000034b  UART5_Init               
00000389  UART1_Init               
000003f1  UartPutStr               
00000419  UartPutStrLn             
00000449  UartPutStr_NonTer        
00000469  UartGetStr               
000004cd  float2num                
000006c9  int2num                  
000007c7  UART_float_display       
000008f1  UART_int_display         
000009df  UART_uint32_display      
00000aa7  UART_3_float_display     
00000afb  UART_3_int_display       
00000b49  UART_3_uint32_display    
00000b91  UART_n_int_display       
00000bf3  UART_n_float_display     
00000c57  set_float_value          
00000c91  set_int_value            
00000cbd  set_position             
00000d0f  float2str                
00000e33  int2str                  
00000f21  GUI_init                 
00000f69  Position_init            
00000f6b  PID_reset                
00000f6d  main                     
00000f9b  task_20Hz                
00000fd5  task_100Hz               
0000100f  display_com              
00001149  communication            
00001269  strtod                   
000014a5  __aeabi_dsub             
000014af  __aeabi_dadd             
0000165d  SysTick_Init             
0000166f  SycTick_Interrupt_Handler
0000171f  Timer0_init              
00001761  Timer0_Interrupt_Handler 
0000177f  getMicroSecond           
000017d1  __aeabi_ddiv             
00001907  GPIOPadConfigSet         
00001a39  SysCtlClockGet           
00001b51  __aeabi_dmul             
00001c4d  SysCtlClockSet           
00001d3d  myIO_init                
00001d63  led                      
00001dbb  button                   
00001dd9  __aeabi_memcpy           
00001dd9  __aeabi_memcpy4          
00001dd9  __aeabi_memcpy8          
00001dd9  memcpy                   
00001e75  __aeabi_cdcmpeq          
00001e75  __aeabi_cdcmple          
00001efb  __aeabi_memclr           
00001efb  __aeabi_memclr4          
00001efb  __aeabi_memclr8          
00001efd  __aeabi_memset           
00001efd  __aeabi_memset4          
00001efd  __aeabi_memset8          
00001f03  memset                   
00001f75  __TI_auto_init           
0000204d  IntEnable                
000020ad  TimerConfigure           
00002109  _c_int00                 
00002159  atoi                     
000021a5  copy_in                  
000021f1  __aeabi_d2f              
0000223d  GPIOPinConfigure         
00002285  C$$EXIT                  
00002289  abort                    
00002291  exit                     
000022c9  UARTConfigSetExpClk      
00002309  SysCtlPeripheralEnable   
0000233d  GPIODirModeSet           
00002369  IntPrioritySet           
0000238d  UARTDisable              
000023a9  GPIOPinTypeGPIOOutput    
000023c1  _args_main               
000023d9  SysTickEnable            
000023ed  SysTickIntEnable         
00002401  UARTEnable               
00002415  _register_unlock         
0000241b  _register_lock           
00002423  _nop                     
00002429  GPIOPinTypeGPIOInput     
0000243b  GPIOPinTypeUART          
0000244d  TimerLoadSet             
0000245f  atof                     
00002471  SysTickPeriodSet         
00002481  isdigit                  
00002491  TimerEnable              
0000249f  __TI_decompress_none     
000024ad  CPUcpsie                 
000024b9  __TI_zero_init           
000024c5  ResetISR                 
000024d1  IntMasterEnable          
000024db  TimerValueGet            
000024e5  UARTCharGet              
000024ef  UARTCharPut              
000024f9  TimerIntEnable           
00002501  UARTBusy                 
00002509  UARTIntEnable            
00002511  GPIOPinRead              
00002517  GPIOPinWrite             
0000251d  SysCtlDelay              
00002523  UARTClockSourceSet       
00002529  __TI_decompress_rle24    
0000252f  TimerIntClear            
00002533  UARTIntClear             
00002537  _system_pre_init         
00002540  _ctypes_                 
00002904  __TI_Handler_Table_Base  
00002910  __TI_Handler_Table_Limit 
00002918  __TI_CINIT_Base          
00002928  __TI_CINIT_Limit         
20000000  __stack                  
20000200  Uart                     
20000200  __STACK_END              
20000200  __STACK_TOP              
20000229  UartKinect               
20000252  SysTick_Int_Count        
20000258  toggle_led               
2000025c  Flag                     
2000025e  FlagTimer                
2000025f  Flag_Safe                
20000260  cos_roll                 
20000264  cos_pitch                
20000268  preMicroSecond_angle     
2000026c  preMicroSecond_position  
20000270  preMicroSecond_sonar     
20000274  preMicroSecond_kinect    
20000278  sampling_time_second     
2000027c  _lock                    
20000280  _unlock                  
20000284  __TI_cleanup_ptr         
20000288  __TI_dtors_ptr           
2000028c  seconds                  
20000290  safe_flag                
20000291  SycTick_Int_Count        
20000294  _Errno                   
20000298  main_func_sp             
ffffffff  __binit__                
ffffffff  __c_args__               
ffffffff  binit                    
UNDEFED   SHT$$INIT_ARRAY$$Base    
UNDEFED   SHT$$INIT_ARRAY$$Limit   

[150 symbols]
